<html>
<body>
<pre>
<h1>礦ision Build Log</h1>
<h2>Tool Versions:</h2>
IDE-Version: μVision V5.23.0.0
Copyright (C) 2017 ARM Ltd and ARM Germany GmbH. All rights reserved.
License Information: hanoch Thomas, JXW, LIC=HF82M-XUPEY-17XRR-K6J3H-4KUDQ-JIB0Z
 
Tool Versions:
Toolchain:       MDK-ARM Professional  Version: 5.23
Toolchain Path:  C:\Keil_v5\ARM\ARMCC\Bin
C Compiler:      Armcc.exe V5.06 update 4 (build 422)
Assembler:       Armasm.exe V5.06 update 4 (build 422)
Linker/Locator:  ArmLink.exe V5.06 update 4 (build 422)
Library Manager: ArmAr.exe V5.06 update 4 (build 422)
Hex Converter:   FromElf.exe V5.06 update 4 (build 422)
CPU DLL:         SARMCM3.DLL V5.23
Dialog DLL:      DCM.DLL V1.15.0.0
Target DLL:      CMSIS_AGDI.dll V1.27.5.0
Dialog DLL:      TCM.DLL V1.27.0.0
 
<h2>Project:</h2>
F:\BaiduNetdiskDownload\3--RTOS操作系统实验\FreeRTOS操作系统实验\2-FreeRTOS移植模板\Template.uvprojx
Project File Date:  11/16/2021

<h2>Output:</h2>
*** Using Compiler 'V5.06 update 4 (build 422)', folder: 'C:\Keil_v5\ARM\ARMCC\Bin'
Build target 'Target 1'
assembling startup_stm32f10x_hd.s...
compiling misc.c...
compiling stm32f10x_gpio.c...
compiling main.c...
compiling stm32f10x_rcc.c...
compiling stm32f10x_exti.c...
compiling stm32f10x_it.c...
compiling stm32f10x_tim.c...
compiling stm32f10x_usart.c...
compiling system_stm32f10x.c...
compiling core_cm3.c...
compiling led.c...
compiling system.c...
compiling usart.c...
compiling SysTick.c...
compiling croutine.c...
compiling event_groups.c...
compiling list.c...
compiling timers.c...
compiling heap_4.c...
compiling queue.c...
compiling tasks.c...
compiling port.c...
linking...
Program Size: Code=6880 RO-data=336 RW-data=156 ZI-data=38828  
FromELF: creating hex file...
".\Obj\Template.axf" - 0 Error(s), 0 Warning(s).

<h2>Collection of Component include folders:</h2>
  .\RTE\_Target_1
  C:\Keil_v5\ARM\PACK\Keil\STM32F1xx_DFP\2.4.0\Device\Include

<h2>Collection of Component Files used:</h2>
Build Time Elapsed:  00:00:07
</pre>
</body>
</html>
